Test header 1; Test header 2; Test header 3; Test header 4; Test header 5;
18; test value; test value; test value; test value;
19; test value; test value; test value; test value;
20; test value; test value; test value; test value;
21; test value; test value; test value; test value;
22; test value; test value; test value; test value;
23; test value; test value; test value; test value;
24; test value; test value; test value; test value;
25; test value; test value; test value; test value;
26; test value; test value; test value; test value;
27; test value; test value; test value; test value;
28; test value; test value; test value; test value;
29; test value; test value; test value; test value;
30; test value; test value; test value; test value;
31; test value; test value; test value; test value;
32; test value; test value; test value; test value;
