Test header 1; Test header 2; Test header 3; Test header 4; Test header 5;
33; test value; test value; test value; test value;
34; test value; test value; test value; test value;
35; test value; test value; test value; test value;
36; test value; test value; test value; test value;
37; test value; test value; test value; test value;
38; test value; test value; test value; test value;
39; test value; test value; test value; test value;
40; test value; test value; test value; test value;